// Jest Snapshot v1, https://goo.gl/fbAQLP

exports[`E2E: OpenAPI contract surface matches a committed contract snapshot (paths + methods) 1`] = `
[
  "DELETE /callback-requests/{id}",
  "DELETE /catalog-categories/{id}",
  "DELETE /catalog-orders/{id}",
  "DELETE /catalog-products/{id}",
  "DELETE /contact-requests/{id}",
  "DELETE /nomenclature/{id}",
  "DELETE /order-sources/{id}",
  "DELETE /orders/{id}",
  "DELETE /payroll/commissions/{id}",
  "DELETE /payroll/periods/{id}",
  "DELETE /payroll/work-rates/{id}",
  "DELETE /product-types/{id}",
  "DELETE /products/{id}",
  "DELETE /quality-checks/{id}",
  "DELETE /roles/{id}",
  "DELETE /users/{id}",
  "DELETE /workflow/{id}",
  "GET /",
  "GET /analytics/full-cycle",
  "GET /analytics/performance/summary",
  "GET /analytics/production/overview",
  "GET /analytics/productivity",
  "GET /analytics/products/types",
  "GET /analytics/quality/stats",
  "GET /analytics/users/performance",
  "GET /auth/profile",
  "GET /callback-requests",
  "GET /callback-requests/{id}",
  "GET /catalog-categories",
  "GET /catalog-categories/slug/{slug}",
  "GET /catalog-categories/{id}",
  "GET /catalog-orders",
  "GET /catalog-orders/{id}",
  "GET /catalog-products",
  "GET /catalog-products/featured",
  "GET /catalog-products/slug/{slug}",
  "GET /catalog-products/{id}",
  "GET /chat/rooms",
  "GET /chat/rooms/{roomId}",
  "GET /chat/rooms/{roomId}/unread",
  "GET /chat/status",
  "GET /chat/unread/total",
  "GET /company-settings",
  "GET /company-settings/public",
  "GET /contact-requests",
  "GET /contact-requests/{id}",
  "GET /feature-flags",
  "GET /feature-flags/public",
  "GET /feature-flags/{key}",
  "GET /inventory",
  "GET /inventory/order/{orderId}",
  "GET /inventory/summary",
  "GET /inventory/type/{productTypeId}",
  "GET /inventory/{id}",
  "GET /nomenclature",
  "GET /nomenclature/by-type/{productTypeId}",
  "GET /nomenclature/{id}",
  "GET /order-sources",
  "GET /order-sources/active",
  "GET /order-sources/{id}",
  "GET /orders",
  "GET /orders/export",
  "GET /orders/statistics",
  "GET /orders/{id}",
  "GET /payroll/commissions",
  "GET /payroll/commissions/user/{userId}",
  "GET /payroll/my-earnings",
  "GET /payroll/my-earnings/today",
  "GET /payroll/penalties",
  "GET /payroll/penalties/amounts",
  "GET /payroll/periods",
  "GET /payroll/periods/{id}",
  "GET /payroll/summary",
  "GET /payroll/work-logs",
  "GET /payroll/work-rates",
  "GET /payroll/work-rates/active",
  "GET /payroll/work-rates/{productTypeId}/{stage}",
  "GET /payroll/worker-stats",
  "GET /product-types",
  "GET /product-types/{id}",
  "GET /products",
  "GET /products/stage/{stage}",
  "GET /products/{id}",
  "GET /products/{id}/history",
  "GET /public/order-status",
  "GET /quality-checks",
  "GET /quality-checks/product/{productId}",
  "GET /quality-checks/rejected",
  "GET /quality-checks/{id}",
  "GET /roles",
  "GET /roles/permissions",
  "GET /roles/{id}",
  "GET /shipments",
  "GET /shipments/status/{status}",
  "GET /shipments/{id}",
  "GET /shipments/{id}/waybill",
  "GET /tasks/defects",
  "GET /tasks/defects/unaccepted/count",
  "GET /tasks/department-tasks",
  "GET /tasks/department-workers",
  "GET /tasks/my",
  "GET /telegram/link",
  "GET /users",
  "GET /users/{id}",
  "GET /workflow",
  "GET /workflow/active",
  "GET /workflow/{id}",
  "GET /workflow/{id}/next",
  "GET /workflow/{id}/previous",
  "GET /yeastar/active-calls",
  "PATCH /catalog-categories/{id}",
  "PATCH /catalog-orders/{id}",
  "PATCH /catalog-products/{id}",
  "PATCH /company-settings",
  "PATCH /contact-requests/{id}",
  "PATCH /feature-flags/{key}",
  "PATCH /nomenclature/{id}",
  "PATCH /nomenclature/{id}/toggle-active",
  "PATCH /orders/{id}",
  "PATCH /product-types/{id}",
  "PATCH /products/{id}",
  "PATCH /quality-checks/{id}",
  "PATCH /shipments/{id}/status",
  "PATCH /tasks/{id}/quantity",
  "PATCH /users/{id}",
  "PATCH /workflow/{id}",
  "POST /auth/login",
  "POST /auth/pin-login",
  "POST /auth/set-pin",
  "POST /auth/set-pin/{userId}",
  "POST /auth/telegram/check-auth",
  "POST /auth/telegram/request-code",
  "POST /callback-requests",
  "POST /callback-requests/{id}/cancel",
  "POST /callback-requests/{id}/completed",
  "POST /callback-requests/{id}/contacted",
  "POST /catalog-categories",
  "POST /catalog-orders",
  "POST /catalog-orders/{id}/cancel",
  "POST /catalog-orders/{id}/mark-contacted",
  "POST /catalog-orders/{id}/mark-processed",
  "POST /catalog-products",
  "POST /chat/rooms/guest",
  "POST /chat/rooms/order/{catalogOrderId}",
  "POST /chat/rooms/{roomId}/close",
  "POST /chat/rooms/{roomId}/mark-read",
  "POST /contact-requests",
  "POST /feature-flags/bulk-update",
  "POST /feature-flags/{key}/toggle",
  "POST /inventory",
  "POST /nomenclature",
  "POST /order-sources",
  "POST /order-sources/initialize",
  "POST /orders",
  "POST /payroll/calculate",
  "POST /payroll/commissions",
  "POST /payroll/penalties",
  "POST /payroll/penalties/{id}/cancel",
  "POST /payroll/periods/{id}/approve",
  "POST /payroll/periods/{id}/cancel",
  "POST /payroll/periods/{id}/pay",
  "POST /payroll/work-rates",
  "POST /product-types",
  "POST /product-types/{id}/toggle-active",
  "POST /products",
  "POST /products/{id}/move",
  "POST /quality-checks",
  "POST /roles",
  "POST /shipments",
  "POST /shipments/{id}/cancel",
  "POST /tasks/defects/{productId}/accept",
  "POST /tasks/{id}/accept",
  "POST /tasks/{id}/approve",
  "POST /tasks/{id}/complete",
  "POST /tasks/{id}/pass",
  "POST /tasks/{id}/reject",
  "POST /telegram/unlink",
  "POST /upload/schema-image",
  "POST /users",
  "POST /users/{id}/toggle-active",
  "POST /workflow",
  "POST /workflow/initialize",
  "POST /workflow/reorder",
  "POST /yeastar/call",
  "POST /yeastar/hangup",
  "PUT /order-sources/{id}",
  "PUT /payroll/commissions/{id}",
  "PUT /payroll/penalties/{id}",
  "PUT /payroll/work-rates/{id}",
  "PUT /roles/{id}",
]
`;
